// Jest Snapshot v1, https://goo.gl/fbAQLP

exports[`Person Component renders a person component unchanged 1`] = `
<div>
  <div
    class="personContainer"
  >
    <div
      class="nameContainer"
    >
      <img
        src="http://via.placeholder.com/48x48"
      />
      <h2>
        John Doe
      </h2>
      <span>
        60
        s
      </span>
    </div>
    <div
      class="issue"
    >
      <p
        class="issueTitle"
      >
         
        <img
          alt="Icon"
          src=""
        />
        <span>
          IN PROGRESS
        </span>
      </p>
      <p
        class="issueSummary"
      >
        some summary
      </p>
    </div>
    <div
      class="buttonContainer"
    >
      <button
        class="
    button
    centered
  "
      >
        Next Person
      </button>
    </div>
  </div>
</div>
`;
